Gym has been unmaintained since 2022 and does not support NumPy 2.0 amongst other critical functionality.
Please upgrade to Gymnasium, the maintained drop-in replacement of Gym, or contact the authors of your software and request that they upgrade.
See the migration guide at https://gymnasium.farama.org/introduction/migration_guide/ for additional information.
WARNING: Too many contacts. Either the arena memory is full, or nconmax is specified and is exceeded. Increase arena memory allocation, or increase/remove nconmax. (ncon = 5000) Time = 0.0000.

WARNING: Too many contacts. Either the arena memory is full, or nconmax is specified and is exceeded. Increase arena memory allocation, or increase/remove nconmax. (ncon = 5000) Time = 0.0000.

WARNING: Too many contacts. Either the arena memory is full, or nconmax is specified and is exceeded. Increase arena memory allocation, or increase/remove nconmax. (ncon = 5000) Time = 0.0000.

WARNING: Too many contacts. Either the arena memory is full, or nconmax is specified and is exceeded. Increase arena memory allocation, or increase/remove nconmax. (ncon = 5000) Time = 0.0000.

WARNING: Too many contacts. Either the arena memory is full, or nconmax is specified and is exceeded. Increase arena memory allocation, or increase/remove nconmax. (ncon = 5000) Time = 0.0000.

WARNING: Too many contacts. Either the arena memory is full, or nconmax is specified and is exceeded. Increase arena memory allocation, or increase/remove nconmax. (ncon = 5000) Time = 0.0000.

WARNING: Too many contacts. Either the arena memory is full, or nconmax is specified and is exceeded. Increase arena memory allocation, or increase/remove nconmax. (ncon = 5000) Time = 0.0000.

WARNING: Too many contacts. Either the arena memory is full, or nconmax is specified and is exceeded. Increase arena memory allocation, or increase/remove nconmax. (ncon = 5000) Time = 0.0000.

WARNING: Too many contacts. Either the arena memory is full, or nconmax is specified and is exceeded. Increase arena memory allocation, or increase/remove nconmax. (ncon = 5000) Time = 0.0000.

WARNING: Too many contacts. Either the arena memory is full, or nconmax is specified and is exceeded. Increase arena memory allocation, or increase/remove nconmax. (ncon = 5000) Time = 0.0000.

WARNING: Too many contacts. Either the arena memory is full, or nconmax is specified and is exceeded. Increase arena memory allocation, or increase/remove nconmax. (ncon = 5000) Time = 0.0000.

WARNING: Too many contacts. Either the arena memory is full, or nconmax is specified and is exceeded. Increase arena memory allocation, or increase/remove nconmax. (ncon = 5000) Time = 0.0000.

WARNING: Too many contacts. Either the arena memory is full, or nconmax is specified and is exceeded. Increase arena memory allocation, or increase/remove nconmax. (ncon = 5000) Time = 0.0000.

WARNING: Too many contacts. Either the arena memory is full, or nconmax is specified and is exceeded. Increase arena memory allocation, or increase/remove nconmax. (ncon = 5000) Time = 0.0000.

WARNING: Too many contacts. Either the arena memory is full, or nconmax is specified and is exceeded. Increase arena memory allocation, or increase/remove nconmax. (ncon = 5000) Time = 0.0000.

WARNING: Too many contacts. Either the arena memory is full, or nconmax is specified and is exceeded. Increase arena memory allocation, or increase/remove nconmax. (ncon = 5000) Time = 0.0000.

WARNING: Too many contacts. Either the arena memory is full, or nconmax is specified and is exceeded. Increase arena memory allocation, or increase/remove nconmax. (ncon = 5000) Time = 0.0000.

WARNING: Too many contacts. Either the arena memory is full, or nconmax is specified and is exceeded. Increase arena memory allocation, or increase/remove nconmax. (ncon = 5000) Time = 0.0000.

WARNING: Too many contacts. Either the arena memory is full, or nconmax is specified and is exceeded. Increase arena memory allocation, or increase/remove nconmax. (ncon = 5000) Time = 0.0000.

WARNING: Too many contacts. Either the arena memory is full, or nconmax is specified and is exceeded. Increase arena memory allocation, or increase/remove nconmax. (ncon = 5000) Time = 0.0000.

WARNING: Too many contacts. Either the arena memory is full, or nconmax is specified and is exceeded. Increase arena memory allocation, or increase/remove nconmax. (ncon = 5000) Time = 0.0000.

WARNING: Too many contacts. Either the arena memory is full, or nconmax is specified and is exceeded. Increase arena memory allocation, or increase/remove nconmax. (ncon = 5000) Time = 0.0000.

Traceback (most recent call last):
  File "/home/ldx/lean-vla/scripts/run_llm_semantic_template_qualification.py", line 364, in <module>
    raise SystemExit(main())
                     ^^^^^^
  File "/home/ldx/lean-vla/scripts/run_llm_semantic_template_qualification.py", line 358, in main
    result = execute(protocol, args.egl_gpu)
             ^^^^^^^^^^^^^^^^^^^^^^^^^^^^^^^
  File "/home/ldx/lean-vla/scripts/run_llm_semantic_template_qualification.py", line 338, in execute
    raise QualificationError(f"qualification nonpass: {summary['conditions']}")
QualificationError: qualification nonpass: {'valid_row_count': True, 'compiled_graph_count': True, 'all_goal_geometry_resolved': False, 'part_resolution_failure_count': True, 'policy_load_count': True, 'policy_inference_count': True, 'env_step_count': True, 'task_outcome_read_count': True, 'attacked_prompt_read_count': True}
